cfe00000 T _start
cfe00020 t _undefined_instruction
cfe00024 t _software_interrupt
cfe00028 t _prefetch_abort
cfe0002c t _data_abort
cfe00030 t _not_used
cfe00034 t _irq
cfe00038 t _fiq
cfe0003c t _pad
cfe00040 T _end_vect
cfe00040 t _TEXT_BASE
cfe00044 t _TEXT_PHY_BASE
cfe00048 T _armboot_start
cfe0004c T _bss_start
cfe00050 T _bss_end
cfe00054 t reset
cfe00064 t cpu_init_crit
cfe000b8 t after_copy
cfe000b8 t enable_mmu
cfe000d8 t mmu_on
cfe000f4 t skip_hw_init
cfe000f4 t stack_setup
cfe000f8 t clear_bss
cfe00104 t clbss_l
cfe00118 t _start_armboot
cfe0011c t _mmu_table_base
cfe00120 T copy_from_nand
cfe0016c t copy_failed
cfe00174 t compare_failed
cfe0017c T theLastJump
cfe00198 t phy_last_jump
cfe001c0 t undefined_instruction
cfe00220 t software_interrupt
cfe00280 t prefetch_abort
cfe002e0 t data_abort
cfe00340 t not_used
cfe003a0 t irq
cfe00400 t fiq
cfe00460 T arm1136_cache_flush
cfe00480 T mem_ctrl_asm_init
cfe0057c t check_dmc1_ready
cfe00598 T cleanDCache
cfe005a4 T cleanFlushDCache
cfe005b0 T cleanFlushCache
cfe005dc t nandll_read_page
cfe006a8 T copy_uboot_to_ram
cfe008a0 T beep
cfe008cc T movi_set_capacity
cfe008d0 T movi_set_ofs
cfe00924 T movi_bl2_copy
cfe00968 T movi_read_env
cfe0097c T movi_write_env
cfe00990 T movi_init
cfe009c0 T raise
cfe009c4 T __aeabi_ldiv0
cfe009c8 T __div0
cfe009cc t _TEXT_BASE
cfe009d0 T lowlevel_init
cfe00ab0 t wakeup_reset
cfe00adc t system_clock_init
cfe00b10 t check_syncack
cfe00bb0 t uart_asm_init
cfe00c00 t nand_asm_init
cfe00c84 t READ_TIMER
cfe00c9c T enable_interrupts
cfe00ca0 T disable_interrupts
cfe00ca8 T set_timer
cfe00cb8 T reset_timer_masked
cfe00cd8 T reset_timer
cfe00cdc T get_timer_masked
cfe00d24 T get_timer
cfe00d38 T udelay
cfe00dac T udelay_masked
cfe00e20 T get_ticks
cfe00e34 T get_tbclk
cfe00e4c T interrupt_init
cfe00ec8 T show_regs
cfe01008 T bad_mode
cfe01024 T do_irq
cfe01048 T do_fiq
cfe0106c T do_not_used
cfe01090 T do_data_abort
cfe010b4 T do_prefetch_abort
cfe010d8 T do_software_interrupt
cfe010fc T do_undefined_instruction
cfe01120 t read_p15_c1
cfe01128 t write_p15_c1
cfe01130 t cp_delay
cfe0115c T cpu_init
cfe01164 T icache_enable
cfe01180 T icache_disable
cfe0119c T icache_status
cfe011b0 T dcache_enable
cfe011cc T dcache_disable
cfe011e8 T dcache_status
cfe011fc T branch_enable
cfe01218 T branch_disable
cfe01234 T branch_status
cfe01248 T cleanup_before_linux
cfe01274 T reset_cpu
cfe012ac T do_reset
cfe012c4 T mmc_get_dev
cfe012d0 t wait_for_data_done
cfe012ec t ClearCommandCompleteStatus
cfe0131c t ClearTransferCompleteStatus
cfe01344 t ClearDMAStatus
cfe0136c t card_irq_enable
cfe01390 T hsmmc_reset
cfe013a4 T hsmmc_set_gpio
cfe013d8 t set_transfer_mode_register
cfe0140c t set_arg_register
cfe0141c t set_blkcnt_register
cfe0142c t SetSystemAddressReg
cfe0143c t set_blksize_register
cfe01458 t hsmmc_clock_onoff
cfe014a4 t set_cmd_register
cfe014fc t set_hostctl_speed
cfe0151c t wait_for_cmd_done
cfe01570 t check_dma_int
cfe01604 t issue_command
cfe016e0 t check_card_status
cfe0171c T movi_read
cfe01864 T movi_write
cfe019d0 t set_clock
cfe01a54 t clock_config
cfe01ae4 T hsmmc_init
cfe02108 T test_hsmmc
cfe02698 t mmc_bread
cfe026d0 t S3C64XX_GetBase_UART
cfe026e0 T serial_setbrg
cfe026e4 T serial_init
cfe026f4 T serial_getc
cfe02714 T serial_putc
cfe02744 T serial_tstc
cfe0275c T serial_puts
cfe02784 t get_PLLCLK
cfe027f0 T get_UCLK
cfe027f8 T get_FCLK
cfe02800 T get_PCLK
cfe02854 T get_HCLK
cfe028a8 T get_ARMCLK
cfe028d0 T print_cpuinfo
cfe029d8 T sbrk
cfe02a0c T led_init
cfe02a34 T hang
cfe02a44 t display_dram_config
cfe02a74 t display_banner
cfe02a94 t init_baudrate
cfe02af4 T start_armboot
cfe02cdc t __fswab16
cfe02cf0 t __fswab32
cfe02d10 t startAgainTimeout
cfe02d24 t startAgainHandler
cfe02d28 T NetSetHandler
cfe02d38 T NetCksum
cfe02d80 T NetCksumOk
cfe02da4 T copy_filename
cfe02dfc T string_to_VLAN
cfe02e48 T getenv_VLAN
cfe02e58 T string_to_ip
cfe02ec0 T getenv_IPaddr
cfe02ed0 T NetEthHdrSize
cfe02f14 T VLAN_to_string
cfe02f6c T ip_to_string
cfe02fac T print_IPaddr
cfe02fc8 t NetCopyIP
cfe02fd0 T NetSetIP
cfe030d0 T NetSetEther
cfe03184 t NetReadIP
cfe031a0 t PingHandler
cfe031c8 t NetWriteIP
cfe031e4 T NetSendPacket
cfe031e8 T ArpRequest
cfe032d4 T NetReceive
cfe037a4 T PingSend
cfe038e0 T NetSetTimeout
cfe03910 T NetSendUDPPacket
cfe03a4c T NetStartAgain
cfe03ac8 T ArpTimeoutCheck
cfe03b3c t PingTimeout
cfe03b58 T NetLoop
cfe03f44 t __fswab16
cfe03f58 t TftpSend
cfe040b8 T TftpStart
cfe042ac t TftpTimeout
cfe04308 t TftpHandler
cfe04540 t __fswab16
cfe04554 t __fswab32
cfe04574 t truncate_sz
cfe045a8 t NetWriteIP
cfe045c4 t NetCopyIP
cfe045cc t NetReadLong
cfe045e8 T BootpRequest
cfe047ec t BootpHandler
cfe04b1c t BootpTimeout
cfe04b64 T RarpRequest
cfe04c6c t RarpHandler
cfe04cc8 t RarpTimeout
cfe04d10 T eth_initialize
cfe04d18 t __fswab32
cfe04d38 t NfsTimeout
cfe04d5c t basename
cfe04d98 t dirname
cfe04db4 t rpc_add_credentials
cfe04e8c t rpc_lookup_reply
cfe04f2c t nfs_mount_reply
cfe04fc8 t nfs_umountall_reply
cfe05048 t nfs_lookup_reply
cfe050dc t rpc_req
cfe051e8 t rpc_lookup_req
cfe0524c t nfs_mount_req
cfe052dc t nfs_umountall_req
cfe05334 t nfs_lookup_req
cfe053d8 t nfs_read_req
cfe05458 t nfs_readlink_req
cfe054b0 t NfsSend
cfe05544 T NfsStart
cfe05778 t nfs_readlink_reply
cfe05870 t nfs_read_reply
cfe059b4 t NfsHandler
cfe05b9c t iow
cfe05bb8 t ior
cfe05bd8 t move8
cfe05c24 t move16
cfe05c80 t move32
cfe05cdc t GetDM9000ID
cfe05d3c T eth_send
cfe05dac T eth_rx
cfe05e6c t phy_write
cfe05ec4 T eth_halt
cfe05efc t dmfe_init_dm9000
cfe06088 T eth_init
cfe0620c T DM9000_get_enetaddr
cfe06290 T nand_init
cfe0632c t generic_ffs
cfe06384 t nand_release_device
cfe0639c t nand_read_byte
cfe063ac t nand_read_byte16
cfe063c0 t nand_read_word
cfe063d0 t nand_write_buf
cfe06404 t nand_read_buf
cfe0642c t nand_verify_buf
cfe06474 t nand_write_buf16
cfe064ac t nand_read_buf16
cfe064e4 t nand_verify_buf16
cfe06530 t nand_block_bad
cfe0664c t nand_check_wp
cfe06688 T nand_wait_ready
cfe0669c t nand_read_page_raw
cfe066d4 t nand_read_page_swecc
cfe067ec t nand_read_page_hwecc
cfe0691c t nand_read_page_syndrome
cfe06a40 t nand_read_oob_std
cfe06a84 t nand_read_oob_syndrome
cfe06b94 t nand_write_oob_std
cfe06c04 t nand_write_oob_syndrome
cfe06dbc t nand_write_page_raw
cfe06df0 t nand_write_page_swecc
cfe06e94 t nand_write_page_hwecc
cfe06f60 t nand_write_page_syndrome
cfe07050 t single_erase_cmd
cfe0708c t multi_erase_cmd
cfe07118 t nand_sync
cfe0711c t nand_suspend
cfe07124 T nand_release
cfe0714c t nand_resume
cfe0716c T nand_scan_ident
cfe076d8 T nand_scan_tail
cfe07bbc T nand_scan
cfe07bdc t nand_select_chip
cfe07c38 t nand_block_isbad
cfe07c98 t nand_block_markbad
cfe07cd4 t nand_fill_oob
cfe07de8 t nand_do_write_oob
cfe07ef0 t nand_do_write_ops
cfe08210 t nand_write_oob
cfe082c0 t nand_write
cfe08358 t nand_transfer_oob
cfe0846c t nand_command
cfe08628 t nand_command_lp
cfe08870 t nand_do_read_ops
cfe08c2c t nand_read_oob
cfe08df0 T nand_read
cfe08e88 t nand_write_page
cfe08f64 t nand_default_block_markbad
cfe0903c T nand_erase_nand
cfe09300 t nand_erase
cfe09308 t nand_wait
cfe093dc T nand_calculate_ecc
cfe094d4 T nand_correct_data
cfe09600 t check_pattern
cfe096b8 t scan_read_raw
cfe09704 t search_bbt
cfe0989c T nand_isbad_bbt
cfe098ec t create_bbt
cfe09bf4 t read_bbt
cfe09dfc t read_abs_bbt
cfe09ec8 t write_bbt
cfe0a504 T nand_update_bbt
cfe0a65c t mark_bbt_region
cfe0a7c8 T nand_scan_bbt
cfe0ac3c T nand_default_bbt
cfe0ad00 T run_command
cfe0b138 t cread_add_char
cfe0b228 t cread_add_str
cfe0b278 T readline
cfe0b910 t ExecuteCmd
cfe0b918 T arm_sdfuse
cfe0ba64 T lcd_size_config
cfe0bb9c T arm_USBfuse
cfe0bcb8 T NAND_ARMMenu
cfe0bdc0 T main_loop
cfe0bee4 t print_num
cfe0bef8 T do_bdinfo
cfe0bfcc T do_go
cfe0c04c t __fswab32
cfe0c06c t do_imls
cfe0c074 T gunzip
cfe0c1cc t zfree
cfe0c1d4 t zalloc
cfe0c1e4 T print_image_hdr
cfe0c5e0 T do_bootm
cfe0cc18 t on_off
cfe0cc54 T do_branch
cfe0ccd8 T do_dcache
cfe0cd5c T do_icache
cfe0cde0 t cnvrt2
cfe0ce24 T mk_date
cfe0cff4 T do_date
cfe0d108 T valid_elf_image
cfe0d17c T load_elf_image
cfe0d284 T do_bootvx
cfe0d400 T do_bootelf
cfe0d4a4 T get_dev
cfe0d4ac T do_fat_fsinfo
cfe0d4f0 T do_fat_ls
cfe0d534 T do_fat_fsload
cfe0d574 t flash_fill_sect_ranges
cfe0d584 T flash_sect_protect
cfe0d618 T flash_sect_erase
cfe0d688 t addr_spec
cfe0d744 T do_flinfo
cfe0d77c t abbrev_spec
cfe0d7b4 T do_protect
cfe0d980 T do_flerase
cfe0dacc t evalstr
cfe0dae8 t evalexp
cfe0db34 T binary_test
cfe0dd14 T do_itest
cfe0ddbc T ktrans
cfe0dddc T chk1
cfe0de0c t bin_data_init
cfe0de28 t bin_data_char
cfe0de58 T k_data_init
cfe0de78 T k_data_save
cfe0dea0 T k_data_restore
cfe0dec8 T k_data_char
cfe0df18 T send_pad
cfe0df48 T s1_sendpacket
cfe0df74 T handle_send_packet
cfe0e138 T send_nack
cfe0e198 T send_ack
cfe0e1f8 t load_serial_ymodem
cfe0e338 t getcxmodem
cfe0e358 T do_load_serial_bin
cfe0e7bc t load_serial
cfe0e9e8 T do_load_serial
cfe0eac8 T do_mem_base
cfe0eb0c T do_mem_crc
cfe0ebc4 T do_mem_mtest
cfe0ecf0 T cmd_get_data_size
cfe0ed68 T do_mem_loop
cfe0ee6c T do_mem_cp
cfe0ef9c T do_mem_cmp
cfe0f140 T do_mem_mw
cfe0f214 t mod_mem
cfe0f370 T do_mem_nm
cfe0f390 T do_mem_mm
cfe0f3b0 T do_mem_md
cfe0f58c T do_sleep
cfe0f61c t __fswab32
cfe0f63c t nand_read
cfe0f664 t nand_write
cfe0f68c t str2long
cfe0f6c8 t arg_off_size
cfe0f7a4 T do_nandboot
cfe0f9d8 T do_nand
cfe10888 T do_ping
cfe10910 t netboot_common
cfe10bcc T do_nfs
cfe10bd8 T do_rarpb
cfe10be4 T do_tftpb
cfe10bf0 T do_bootp
cfe10bfc t envmatch
cfe10c6c T getenv_r
cfe10d2c T do_saveenv
cfe10d58 T getenv
cfe10dd4 T _do_setenv
cfe1126c T do_setenv
cfe112ac T setenv
cfe112e0 T do_printenv
cfe11484 T usb_get_class_desc
cfe1152c T usb_display_ep_desc
cfe11600 T usb_display_class_sub
cfe11774 T usb_show_tree_graph
cfe1198c T usb_show_tree
cfe119c0 T usb_display_desc
cfe11af0 T usb_display_string
cfe11b28 T usb_display_if_desc
cfe11bb0 T usb_display_conf_desc
cfe11c5c T usb_display_config
cfe11cec T do_usb
cfe11ec8 T find_cmd
cfe11f5c T do_echo
cfe11fdc T do_help
cfe12188 T do_version
cfe121a8 T do_exit
cfe121d8 T do_test
cfe12654 t console_setfile
cfe126f4 T fgetc
cfe1271c T ftstc
cfe12744 T fputc
cfe12770 T fputs
cfe1279c T disable_ctrlc
cfe127b4 T had_ctrlc
cfe127c4 T clear_ctrlc
cfe127d8 T dbg
cfe127e4 T console_init_f
cfe127f4 T console_assign
cfe12884 T fprintf
cfe128cc T puts
cfe128e8 T vprintf
cfe12914 T printf
cfe12954 T console_init_r
cfe12af8 T serial_printf
cfe12b38 T putc
cfe12b54 T tstc
cfe12b6c T getc
cfe12b84 T ctrlc
cfe12bd4 T devices_done
cfe12bf0 T device_register
cfe12c14 T devices_init
cfe12cd4 T malloc_bin_reloc
cfe12d0c T malloc_usable_size
cfe12d50 T mallopt
cfe12dc8 T malloc_trim
cfe12e94 T free
cfe130c0 T cfree
cfe130c4 T malloc
cfe136a4 T memalign
cfe137b4 T pvalloc
cfe137cc T valloc
cfe137d8 T calloc
cfe138b8 T realloc
cfe13d34 T env_get_char_memory
cfe13d54 T env_get_addr
cfe13d74 t env_get_char_init
cfe13dac T env_crc_update
cfe13dd8 T env_relocate
cfe13e54 T env_get_char_spec
cfe13e60 T env_init
cfe13e7c T saveenv
cfe13f3c t use_default
cfe13fbc T env_relocate_spec
cfe14044 t dummy
cfe14048 T get_version
cfe14050 T jumptable_init
cfe14108 T flash_protect
cfe14204 T addr2info
cfe1420c T flash_write
cfe1421c T flash_perror
cfe142fc t b_reset
cfe14318 T simple_itoa
cfe1436c t static_get
cfe14388 t static_peek
cfe14394 t file_peek
cfe143a0 t setup_string_in_str
cfe143cc t indenter
cfe143dc t is_assignment
cfe14438 T mapset
cfe14464 T u_boot_hush_start
cfe144ec t file_get
cfe146bc t syntax_err
cfe146c8 t xmalloc
cfe146e8 T new_pipe
cfe14710 t free_pipe_list
cfe147fc t b_free
cfe14820 t xrealloc
cfe14840 t done_command
cfe148c8 t initialize_context
cfe14900 t done_pipe
cfe14950 t b_addchr
cfe149cc t b_addqchr
cfe14a18 T reserved_word
cfe14b50 t done_word
cfe14cd4 t insert_var_value
cfe14e84 t set_local_var
cfe15034 T update_ifs_map
cfe150a4 t parse_stream_outer
cfe15684 T parse_file_outer
cfe156c8 T parse_string_outer
cfe15790 t run_list_real
cfe15f3c T GetHandleSize
cfe15f44 T ListSetAllocationPolicy
cfe15f58 T ListGetPtrToItem
cfe15f90 T ListGetDataPtr
cfe15f9c T ListGetItemSize
cfe15fa8 T ListNumItems
cfe15fb4 T ListGetItems
cfe15ffc T SetHandleSize
cfe16078 T ListInsertItems
cfe16248 T ListInsertItem
cfe16250 T DisposeHandle
cfe16270 T ListDispose
cfe16274 T NewHandle
cfe162d0 T ListCreate
cfe16330 t hex1_bin
cfe16368 t hex2_bin
cfe1639c T srec_decode
cfe1660c T usb_disable_asynch
cfe16624 T usb_maxpacket
cfe16648 T usb_set_maxpacket
cfe16754 T usb_get_dev_index
cfe16784 T usb_hub_reset
cfe16798 T usb_hub_allocate
cfe167e0 T usb_alloc_new_device
cfe1687c T usb_parse_config
cfe16a10 T usb_submit_int_msg
cfe16a14 T usb_stop
cfe16a44 T wait_ms
cfe16a68 T usb_bulk_msg
cfe16acc T usb_control_msg
cfe16bcc T usb_get_port_status
cfe16c2c T usb_get_hub_status
cfe16c80 T usb_set_port_feature
cfe16ce0 T usb_clear_port_feature
cfe16d40 T usb_clear_hub_feature
cfe16d94 T usb_get_hub_descriptor
cfe16df0 T usb_get_string
cfe16e7c t usb_string_sub
cfe16f80 T usb_string
cfe17080 T usb_get_class_descriptor
cfe170f0 T usb_get_report
cfe17160 T usb_set_idle
cfe171c4 T usb_set_protocol
cfe17224 T usb_set_configuration
cfe1728c T usb_set_interface
cfe17358 T usb_set_address
cfe1739c T usb_get_descriptor
cfe17408 T usb_get_configuration_no
cfe174b0 T usb_clear_halt
cfe17564 t usb_hub_power_on
cfe175a8 T usb_hub_port_connect_change
cfe17704 T usb_hub_configure
cfe17944 T usb_hub_probe
cfe179a4 T usb_new_device
cfe17c34 T usb_scan_devices
cfe17c98 T usb_init
cfe17d14 T parse_num
cfe17e3c T xyzModem_error
cfe17ed8 T xyzModem_stream_close
cfe17f24 T CYGACC_COMM_IF_PUTC
cfe17f2c T CYGACC_COMM_IF_GETC_TIMEOUT
cfe17f80 t xyzModem_flush
cfe17fa8 T xyzModem_stream_terminate
cfe1807c t xyzModem_get_hdr
cfe18300 T xyzModem_stream_read
cfe1858c T xyzModem_stream_open
cfe186ec T do_usbd_dnw
cfe18800 T do_movi
cfe18bb4 T cyg_crc16
cfe18bfc T crc32
cfe18d10 T crc32_no_comp
cfe18e1c T print_size
cfe18ebc T display_options
cfe18edc T strcpy
cfe18ef8 T strncpy
cfe18f20 T strcat
cfe18f54 T strncat
cfe18fb8 T strcmp
cfe18ff0 T strncmp
cfe19040 T strchr
cfe1906c T strlen
cfe1908c T strrchr
cfe190c4 T strnlen
cfe190ec T strspn
cfe19130 T strpbrk
cfe19170 T strtok
cfe191f0 T strsep
cfe19224 T strswab
cfe19270 T memset
cfe19290 T bcopy
cfe192bc T memcpy
cfe192e0 T memmove
cfe1933c T memcmp
cfe1937c T memscan
cfe193ac T strstr
cfe19410 T memchr
cfe19440 T strdup
cfe19474 T simple_strtoul
cfe1952c T simple_strtol
cfe19554 t skip_atoi
cfe1958c t number
cfe197f8 T panic
cfe19848 T vsprintf
cfe19c4c T sprintf
cfe19c74 t falloc
cfe19c98 t ffree
cfe19c9c t inflate_trees_free
cfe19cd0 t huft_build
cfe1a298 t inflate_trees_fixed
cfe1a494 t inflate_codes_new
cfe1a4e4 t inflate_codes_free
cfe1a504 t inflate_blocks_reset
cfe1a5cc T inflateEnd
cfe1a664 T inflateReset
cfe1a6c4 T inflateSync
cfe1a7c4 T inflateInit2
cfe1a908 T inflateInit
cfe1a910 T adler32
cfe1aa88 T inflateIncomp
cfe1abb4 t inflate_flush
cfe1ad28 T inflate
cfe1ca08 T board_init
cfe1ca58 T dram_init
cfe1ca78 T virt_to_phy_smdk6410
cfe1caa8 T checkboard
cfe1cac0 T board_late_init
cfe1cb58 t write_hword
cfe1cc50 T write_buff
cfe1cdc4 T flash_print_info
cfe1ced8 T flash_erase
cfe1d0dc T flash_init
cfe1d128 t IsACK
cfe1d140 t ReadWriteByte
cfe1d158 t WaitForXfer
cfe1d1a4 t i2c_transfer
cfe1d490 T i2c_write
cfe1d520 T vga_init
cfe1d588 T i2c_read
cfe1d620 T i2c_probe
cfe1d65c T i2c_init
cfe1d730 t td_alloc
cfe1d770 t urb_free_priv
cfe1d7a8 T rh_check_port_status
cfe1d7b0 T submit_common_msg
cfe1d7b8 T submit_bulk_msg
cfe1d7c0 T submit_control_msg
cfe1d7c8 T submit_int_msg
cfe1d7d0 T usb_lowlevel_init
cfe1d7d8 T usb_lowlevel_stop
cfe1d7e0 t td_fill
cfe1d894 T sohci_submit_job
cfe1de20 t s3c_nand_hwcontrol
cfe1de98 t s3c_nand_device_ready
cfe1deb4 t s3c_nand_wait_enc
cfe1decc t s3c_nand_wait_dec
cfe1dee4 t s3c_nand_enable_hwecc
cfe1df48 t s3c_nand_calculate_ecc
cfe1dffc T s3c_nand_enable_hwecc_8bit
cfe1e04c T s3c_nand_calculate_ecc_8bit
cfe1e100 T s3c_nand_write_page_8bit
cfe1e1b8 t s3c_nand_write_oob_1bit
cfe1e298 t s3c_nand_read_oob_1bit
cfe1e35c t s3c_nand_write_page_1bit
cfe1e4c4 t s3c_nand_read_page_1bit
cfe1e664 t s3c_nand_read_page_4bit
cfe1e778 t s3c_nand_write_page_4bit
cfe1e844 T board_nand_init
cfe1eb8c t s3c_nand_correct_data
cfe1ed88 T s3c_nand_correct_data_8bit
cfe1ef10 T s3c_nand_read_page_8bit
cfe1f010 t s3c_nand_scan_bbt
cfe1f014 T s3c_usb_core_soft_reset
cfe1f034 T s3c_usb_init_core
cfe1f050 T s3c_usb_check_current_mode
cfe1f064 T s3c_usb_set_soft_disconnect
cfe1f078 T s3c_usb_clear_soft_disconnect
cfe1f08c T s3c_usb_init_device
cfe1f0cc T s3c_usbc_activate
cfe1f0d4 T s3c_usb_stop
cfe1f0dc T s3c_usb_set_inep_xfersize
cfe1f108 T s3c_usb_set_outep_xfersize
cfe1f138 T s3c_usb_write_ep0_fifo
cfe1f190 T s3c_usb_write_in_fifo
cfe1f1e8 T s3c_usb_read_out_fifo
cfe1f23c T s3c_usb_get_desc
cfe1f40c T s3c_usb_clear_feature
cfe1f488 T s3c_usb_set_feature
cfe1f5e8 T s3c_usb_get_status
cfe1f690 T s3c_usb_ep0_int_hndlr
cfe1f8a8 T s3c_usb_set_otherspeed_conf_desc
cfe1f9c8 T s3c_usb_transfer_ep0
cfe2068c T s3c_usb_int_bulkin
cfe20858 T s3c_usb_upload_start
cfe20a84 T s3c_usb_download_start
cfe20c90 T s3c_usb_dma_in_done
cfe20da0 T s3c_usb_set_all_outep_nak
cfe20dc8 T s3c_usb_clear_all_outep_nak
cfe20df0 T s3c_usb_set_max_pktsize
cfe20ea0 T s3c_usb_set_endpoint
cfe20ef4 T s3c_usb_set_descriptors
cfe21090 T s3c_usb_check_speed
cfe210a8 T s3c_usb_clear_dnfile_info
cfe210e8 T s3c_usb_clear_upfile_info
cfe21128 T s3c_usb_check_setconf
cfe21158 T s3c_usb_set_opmode
cfe21228 T s3c_usb_reset
cfe21290 T s3c_usb_set_init
cfe212ec T s3c_usb_verify_checksum
cfe213b4 T s3c_usb_download_continue
cfe21544 T s3c_usb_int_bulkout
cfe21594 T s3c_usb_pkt_receive
cfe21614 T s3c_usb_print_pkt
cfe21660 T s3c_usb_dma_out_done
cfe2177c T s3c_usb_transfer
cfe218a0 T s3c_udc_int_hndlr
cfe2193c T s3c_usb_wait_cable_insert
cfe21988 T s3c_usb_init_phy
cfe219c0 T s3c_usbctl_init
cfe21a84 t __fswab32
cfe21aa4 T do_bootm_linux
cfe21e94 T flush_cache
cfe21e98 T GregorianDay
cfe21f8c T to_tm
cfe2209c T mktime
cfe22130 t SetRTC_Access
cfe2216c t bcd2bin
cfe22180 t bin2bcd
cfe221b4 T rtc_get
cfe222b8 T rtc_set
cfe22358 T rtc_reset
cfe22380 t nand_block_bad_scrub
cfe22388 T nand_lock
cfe223dc T nand_unlock
cfe224ec T nand_get_lock_status
cfe22578 T nand_read_opts
cfe22934 T nand_write_opts
cfe22ea0 T nand_erase_opts
cfe2320c T __div64_32
cfe23300 T __aeabi_uidiv
cfe23300 T __udivsi3
cfe23300 t .udivsi3_nodiv0
cfe233f4 T __aeabi_uidivmod
cfe23414 T __aeabi_idiv
cfe23414 T __divsi3
cfe2341c t .divsi3_nodiv0
cfe2353c T __aeabi_idivmod
cfe2355c T __aeabi_lasr
cfe2355c T __ashrdi3
cfe23578 T __aeabi_llsl
cfe23578 T __ashldi3
cfe23594 W __aeabi_idiv0
cfe237b0 r C.8.2231
cfe23830 r C.43.3271
cfe23840 R version_string
cfe2387a r default_nand_name
cfe2387f r __FUNCTION__.4035
cfe2388e r __FUNCTION__.2572
cfe2389f r __FUNCTION__.3561
cfe238ad r __FUNCTION__.3076
cfe238bf r C.19.2730
cfe238c1 r nand_ecc_precalc_table
cfe239c4 r C.10.1948
cfe23adc r baudrate_table
cfe23af0 r crc16_tab
cfe23cf0 r crc_table
cfe240f0 r border
cfe2413c r inflate_mask
cfe24180 R config_full
cfe24189 R config_full_total
cfe241a9 R config_high
cfe241b2 R config_high_total
cfe241d2 R qualifier_desc
cfe241dc R string_desc0
cfe241e0 R string_desc1
cfe241f6 R string_desc2
cfe24224 r C.7.1894
cfe2ac64 D init_sequence
cfe2ac98 D NetOurVLAN
cfe2ac9a D NetBcastAddr
cfe2aca0 D NetOurNativeVLAN
cfe2aca4 d nfs_offset
cfe2aca8 D nand_curr_device
cfe2acac d nand_oob_8
cfe2adfc d nand_oob_16
cfe2af4c d nand_oob_64
cfe2b09c d nand_oob_128
cfe2b1ec D nand_flash_ids
cfe2b7d4 D nand_manuf_ids
cfe2b814 d bbt_main_descr
cfe2b838 d bbt_mirror_descr
cfe2b85c d agand_flashbased
cfe2b880 d smallpage_flashbased
cfe2b8a4 d largepage_flashbased
cfe2b8c8 d smallpage_memorybased
cfe2b8ec d largepage_memorybased
cfe2b910 d bbt_pattern
cfe2b914 d mirror_pattern
cfe2b918 d scan_agand_pattern
cfe2b91e d scan_ff_pattern
cfe2b920 d hist_cur
cfe2b924 D load_addr
cfe2b928 D weekdays
cfe2b944 D op_table
cfe2b9ac d do_echo
cfe2b9b0 D dp_last_length
cfe2b9b4 D stdio_names
cfe2b9c0 d av_
cfe2bdc8 d trim_threshold
cfe2bdcc d mmap_threshold
cfe2bdd0 d sbrk_base
cfe2bdd4 D default_environment
cfe2bef8 D env_get_char
cfe2befc D default_environment_size
cfe2bf00 D env_name_spec
cfe2bf04 d blanks.2356
cfe2bf2c d reserved_list
cfe2bfb0 D _ctype
cfe2c0b0 d fixed_left
cfe2c0b4 d cplens
cfe2c130 d cplext
cfe2c1ac d cpdist
cfe2c224 d cpdext
cfe2c29c D zlib_version
cfe2c2a0 D z_errmsg
cfe2c2c0 d CH7026_REGS_VGA_800
cfe2c420 D CH7026_REGS_VGA_640
cfe2c598 D CH7026_REGS_TV
cfe2c6d8 d s3c_nand_oob_64
cfe2c828 d s3c_nand_oob_16
cfe2c978 d s3c_nand_oob_mlc_64
cfe2cac8 d s3c_nand_oob_mlc_128_8bit
cfe2cc18 d s3c_nand_oob_mlc_232_8bit
cfe2cd68 D test_pkt
cfe2cda0 d month_days
cfe2cdd0 d autoplace_oobinfo
cfe2cf20 d jffs2_oobinfo
cfe2d070 d yaffs_oobinfo
cfe2d1c0 A __u_boot_cmd_start
cfe2d1c0 D __u_boot_cmd_bdinfo
cfe2d1d8 D __u_boot_cmd_go
cfe2d1f0 D __u_boot_cmd_reset
cfe2d208 D __u_boot_cmd_bootm
cfe2d220 D __u_boot_cmd_imls
cfe2d238 D __u_boot_cmd_icache
cfe2d250 D __u_boot_cmd_dcache
cfe2d268 D __u_boot_cmd_branch
cfe2d280 D __u_boot_cmd_date
cfe2d298 D __u_boot_cmd_bootelf
cfe2d2b0 D __u_boot_cmd_bootvx
cfe2d2c8 D __u_boot_cmd_fatload
cfe2d2e0 D __u_boot_cmd_fatls
cfe2d2f8 D __u_boot_cmd_fatinfo
cfe2d310 D __u_boot_cmd_flinfo
cfe2d328 D __u_boot_cmd_erase
cfe2d340 D __u_boot_cmd_protect
cfe2d358 D __u_boot_cmd_itest
cfe2d370 D __u_boot_cmd_loads
cfe2d388 D __u_boot_cmd_loadb
cfe2d3a0 D __u_boot_cmd_loady
cfe2d3b8 D __u_boot_cmd_md
cfe2d3d0 D __u_boot_cmd_mm
cfe2d3e8 D __u_boot_cmd_nm
cfe2d400 D __u_boot_cmd_mw
cfe2d418 D __u_boot_cmd_cp
cfe2d430 D __u_boot_cmd_cmp
cfe2d448 D __u_boot_cmd_crc32
cfe2d460 D __u_boot_cmd_base
cfe2d478 D __u_boot_cmd_loop
cfe2d490 D __u_boot_cmd_mtest
cfe2d4a8 D __u_boot_cmd_sleep
cfe2d4c0 D __u_boot_cmd_nand
cfe2d4d8 D __u_boot_cmd_nboot
cfe2d4f0 D __u_boot_cmd_bootp
cfe2d508 D __u_boot_cmd_tftpboot
cfe2d520 D __u_boot_cmd_rarpboot
cfe2d538 D __u_boot_cmd_nfs
cfe2d550 D __u_boot_cmd_ping
cfe2d568 D __u_boot_cmd_printenv
cfe2d580 D __u_boot_cmd_setenv
cfe2d598 D __u_boot_cmd_saveenv
cfe2d5b0 D __u_boot_cmd_usb
cfe2d5c8 D __u_boot_cmd_version
cfe2d5e0 D __u_boot_cmd_echo
cfe2d5f8 D __u_boot_cmd_test
cfe2d610 D __u_boot_cmd_exit
cfe2d628 D __u_boot_cmd_help
cfe2d640 D __u_boot_cmd_question_mark
cfe2d658 D __u_boot_cmd_dnw
cfe2d670 D __u_boot_cmd_movi
cfe2d688 A __u_boot_cmd_end
cfe30000 R mmu_table
cfe34000 A __bss_start
cfe34000 B movi_hc
cfe34004 b timestamp
cfe34008 b lastdec
cfe3400c B timer_load_val
cfe34010 b mmc_dev
cfe34074 b HS_DMA_END
cfe34078 b rca
cfe3407c b wt_cnt_HSMMC
cfe34080 b BlockNum_HSMMC
cfe34084 b WriteBlockCnt_INT
cfe34088 b BufferBoundary_INT_Cnt
cfe3408c b CompareCnt_INT
cfe34090 b Compare_buffer_HSMMC
cfe34094 b HCLK
cfe34098 B card_type
cfe3409c b Tx_buffer_HSMMC
cfe340a0 b COMPARE_INT_DONE
cfe340a4 b rd_cnt_HSMMC
cfe340a8 b ReadBlockCnt_INT
cfe340ac b Rx_buffer_HSMMC
cfe340b0 b mem_malloc_brk
cfe340b4 b mem_malloc_start
cfe340b8 b mem_malloc_end
cfe340bc B monitor_flash_len
cfe340c0 B NetState
cfe340c4 b packetHandler
cfe340c8 B NetIPID
cfe340cc B NetOurIP
cfe340d0 B NetOurEther
cfe340d8 B NetPingIP
cfe340dc B NetTxPacket
cfe340e0 B NetArpWaitPacketIP
cfe340e4 B NetOurSubnetMask
cfe340e8 B NetOurGatewayIP
cfe340ec B NetArpWaitReplyIP
cfe340f0 B NetRxPkt
cfe340f4 B NetRxPktLen
cfe340f8 B NetArpWaitPacketMAC
cfe340fc B NetArpWaitTxPacket
cfe34100 B NetArpWaitTxPacketSize
cfe34104 B NetServerIP
cfe34108 B NetServerEther
cfe3410e b mac.2519
cfe34114 B NetEtherNullAddr
cfe3411a b PingSeqNo
cfe3411c B NetArpWaitTry
cfe34120 B NetArpWaitTimerStart
cfe34124 b timeHandler
cfe34128 b timeStart
cfe3412c b timeDelta
cfe34130 B PktBuf
cfe35f50 B NetRxPackets
cfe35f60 B NetArpWaitPacketBuf
cfe36580 B NetBootFileXferSize
cfe36584 B NetOurDNSIP
cfe36588 B NetOurNISDomain
cfe365a8 B NetOurHostName
cfe365c8 B NetOurRootPath
cfe36608 B NetBootFileSize
cfe3660a B BootFile
cfe3668c b TftpState
cfe36690 b tftp_filename
cfe36694 b TftpBlock
cfe36698 b TftpServerPort
cfe3669c b TftpOurPort
cfe366a0 b default_filename
cfe366b0 b TftpTimeoutCount
cfe366b4 b TftpBlockWrap
cfe366b8 b TftpBlockWrapOffset
cfe366bc b TftpLastBlock
cfe366c0 B BootpTry
cfe366c4 B BootpID
cfe366c8 B RarpTry
cfe366cc b rpc_id
cfe366d0 b NfsSrvMountPort
cfe366d4 b NfsSrvNfsPort
cfe366d8 b fs_mounted
cfe366dc b dirfh
cfe366fc b filefh
cfe3671c b NfsServerIP
cfe36720 b NfsOurPort
cfe36724 b NfsState
cfe36728 b nfs_path
cfe3672c b nfs_filename
cfe36730 b nfs_len
cfe36734 b NfsDownloadState
cfe36738 b nfs_path_buff
cfe36f38 b default_filename
cfe36f78 b NfsTimeoutCount
cfe36f7c B MoveData
cfe36f80 B nand_info
cfe37034 b nand_chip
cfe37138 b initted.2193
cfe3713c b hist_max
cfe37140 b hist_add_idx
cfe37144 B hist_num
cfe37148 B hist_lines
cfe38548 B hist_list
cfe38598 B console_buffer
cfe38698 B header
cfe386d8 b os_data_state
cfe386dc B os_data_count
cfe386e0 b os_data_addr
cfe386e4 b bin_start_address
cfe386e8 b k_data_escape
cfe386ec B os_data_init
cfe386f0 b k_data_escape_saved
cfe386f4 b os_data_state_saved
cfe386f8 b os_data_count_saved
cfe386fc b os_data_addr_saved
cfe38700 B os_data_char
cfe38704 B his_quote
cfe38708 B his_pad_count
cfe3870c B his_pad_char
cfe3870d B his_eol
cfe38710 B send_ptr
cfe38714 B send_parms
cfe38728 b a_b
cfe38740 B os_data_header
cfe38760 b base_address
cfe38764 B mm_last_addr
cfe38768 B mm_last_size
cfe3876c B dp_last_addr
cfe38770 B dp_last_size
cfe38774 b ctrlc_disabled
cfe38778 b ctrlc_was_pressed
cfe3877c B devlist
cfe38780 B stdio_devices
cfe3878c b top_pad
cfe38790 b n_mmaps_max
cfe38794 b current_mallinfo
cfe387bc b max_sbrked_mem
cfe387c0 b max_total_mem
cfe387c4 B env_ptr
cfe387c8 b local.2147
cfe387de b map
cfe388e0 b top_vars
cfe388e4 b flag_repeat
cfe388e8 b do_repeat
cfe388ec b the_command.2174
cfe389ec b buf.2614
cfe38a14 B last_return_code
cfe38a18 b ifs
cfe38a1c B nesting_level
cfe38a20 b asynch_allowed
cfe38a24 b usb_dev
cfe452a4 b usb_hub_index
cfe452a8 b hub_dev
cfe453a8 b dev_index
cfe453ac B usb_started
cfe453ad b setup_packet
cfe453b8 b running
cfe453bc b xyz
cfe457f8 B ofsinfo
cfe45810 B ___strtok
cfe45814 b fixed_mem
cfe468a4 b fixed_lock
cfe468a8 b fixed_built
cfe468ac b fixed_bl
cfe468b0 b fixed_tl
cfe468b4 b fixed_bd
cfe468b8 b fixed_td
cfe468bc B flash_info
cfe46900 B ptd
cfe46904 b gohci
cfe469d0 B ohci_dev
cfe46b60 B urb_priv
cfe46c40 B gtd
cfe47d00 B ghcca
cfe47e00 B phcca
cfe47e04 B got_rhsc
cfe47e08 B devgone
cfe47f00 B boot_nand
cfe47f04 B cur_ecc_mode
cfe47f08 B nand_type
cfe47f0c B otg
cfe47f90 B remode_wakeup
cfe47f94 B get_status
cfe47f9a B config_value
cfe47f9c B get_intf
cfe47fa0 B s3c_usbd_dn_addr
cfe47fa4 B op_mode
cfe47fa8 B dn_filesize
cfe47fac B s3c_receive_done
cfe47fb0 B speed
cfe47fb4 B s3c_got_header
cfe47fb8 B DNW
cfe47fbc b params
cfe47fc0 b data_buf
cfe49fc0 b oob_buf
cfe4a0a8 b none_oobinfo
cfe4a1f8 A _end
